ID	PHI	MU	N
TCGA-CZ-5468.TUMOR	0.173144800154483	0.484920263718117	18885
