ID	CHR	P0	P1	CNV	PHI	MU	N
TCGA-CZ-5468.TUMOR	chr1	25663310	62114006	-0.0346	0.057444	0.524256	216
TCGA-CZ-5468.TUMOR	chr1	174801854	196739972	-0.0345	0.000177	0.518964	188
TCGA-CZ-5468.TUMOR	chr1	210086552	249224388	-0.0349	0.057444	0.524256	216
TCGA-CZ-5468.TUMOR	chr2	57013181	87513287	0.0334	0.044165	0.505008	586
TCGA-CZ-5468.TUMOR	chr2	91704736	207416939	-0.0048	0.025955	0.500673	212
TCGA-CZ-5468.TUMOR	chr3	60345	68732028	-0.304	0.290792	0.440224	177
TCGA-CZ-5468.TUMOR	chr3	162626603	195400799	0.3781	0.050155	0.427875	922
TCGA-CZ-5468.TUMOR	chr5	57333533	150202205	0.1428	0.044165	0.505008	586
TCGA-CZ-5468.TUMOR	chr6	29850366	77436532	-0.3034	0.257860	0.609856	220
TCGA-CZ-5468.TUMOR	chr6	103765470	160507478	-0.0225	0.025955	0.500673	212
TCGA-CZ-5468.TUMOR	chr7	84227474	109441212	0.7542	      NA	      NA	NA
TCGA-CZ-5468.TUMOR	chr8	68548491	140603502	0.4655	0.080077	0.516502	588
TCGA-CZ-5468.TUMOR	chr10	49363009	81120020	0.1804	0.011776	0.479935	314
TCGA-CZ-5468.TUMOR	chr11	55453576	74963932	0.1779	0.011776	0.479935	314
TCGA-CZ-5468.TUMOR	chr15	32902983	57603369	-0.0365	0.035420	0.483437	282
TCGA-CZ-5468.TUMOR	chr15	82096494	102469040	-0.0324	0.025955	0.500673	212
TCGA-CZ-5468.TUMOR	chr16	5608337	55795214	-0.0343	0.000177	0.518964	188
TCGA-CZ-5468.TUMOR	chr17	526	18358949	-0.3079	0.290792	0.440224	177
TCGA-CZ-5468.TUMOR	chr19	41392654	55252385	-0.0676	0.035420	0.483437	282
TCGA-CZ-5468.TUMOR	chr20	1999855	58296350	0.452	0.050155	0.427875	922
TCGA-CZ-5468.TUMOR	chr22	24401529	51234455	-0.2991	0.257860	0.609856	220
